#-----------------------------------------------------------
# Vivado v2023.2 (64-bit)
# SW Build 4029153 on Fri Oct 13 20:14:34 MDT 2023
# IP Build 4028589 on Sat Oct 14 00:45:43 MDT 2023
# SharedData Build 4025554 on Tue Oct 10 17:18:54 MDT 2023
# Start of session at: Wed Jan  3 21:06:20 2024
# Process ID: 1672
# Current directory: D:/MyWorks/Programs/Verilog/vivado/bluex_update/bluex_update.runs/bluex_v_2_1_reg_heap_id_0_0_synth_1
# Command line: vivado.exe -log bluex_v_2_1_reg_heap_id_0_0.vds -product Vivado -mode batch -messageDb vivado.pb -notrace -source bluex_v_2_1_reg_heap_id_0_0.tcl
# Log file: D:/MyWorks/Programs/Verilog/vivado/bluex_update/bluex_update.runs/bluex_v_2_1_reg_heap_id_0_0_synth_1/bluex_v_2_1_reg_heap_id_0_0.vds
# Journal file: D:/MyWorks/Programs/Verilog/vivado/bluex_update/bluex_update.runs/bluex_v_2_1_reg_heap_id_0_0_synth_1\vivado.jou
# Running On: DESKTOP-50PL36L, OS: Windows, CPU Frequency: 1896 MHz, CPU Physical cores: 16, Host memory: 14877 MB
#-----------------------------------------------------------
source bluex_v_2_1_reg_heap_id_0_0.tcl -notrace
